C:/Users/watha/OneDrive/WorkingPlaces/WathonE/Projects/Datalogger/Core/Src/main.c:987:6:StartDefaultTask	8	static
C:/Users/watha/OneDrive/WorkingPlaces/WathonE/Projects/Datalogger/Core/Src/main.c:1007:6:StartTaskAnalogInput	8	static
C:/Users/watha/OneDrive/WorkingPlaces/WathonE/Projects/Datalogger/Core/Src/main.c:158:1:__io_putchar	16	static
C:/Users/watha/OneDrive/WorkingPlaces/WathonE/Projects/Datalogger/Core/Src/main.c:287:6:SystemClock_Config	88	static
C:/Users/watha/OneDrive/WorkingPlaces/WathonE/Projects/Datalogger/Core/Src/main.c:170:5:main	160	static,ignoring_inline_asm
C:/Users/watha/OneDrive/WorkingPlaces/WathonE/Projects/Datalogger/Core/Src/main.c:1071:6:HAL_TIM_PeriodElapsedCallback	0	static
C:/Users/watha/OneDrive/WorkingPlaces/WathonE/Projects/Datalogger/Core/Src/main.c:1088:6:Error_Handler	0	static
