C:/Users/watha/OneDrive/WorkingPlaces/WathonE/Projects/Datalogger/Core/Src/main.c:967:6:StartDefaultTask	1
C:/Users/watha/OneDrive/WorkingPlaces/WathonE/Projects/Datalogger/Core/Src/main.c:987:6:StartTaskAnalogInput	1
C:/Users/watha/OneDrive/WorkingPlaces/WathonE/Projects/Datalogger/Core/Src/main.c:158:1:__io_putchar	1
C:/Users/watha/OneDrive/WorkingPlaces/WathonE/Projects/Datalogger/Core/Src/main.c:287:6:SystemClock_Config	1
C:/Users/watha/OneDrive/WorkingPlaces/WathonE/Projects/Datalogger/Core/Src/main.c:170:5:main	3
C:/Users/watha/OneDrive/WorkingPlaces/WathonE/Projects/Datalogger/Core/Src/main.c:1051:6:HAL_TIM_PeriodElapsedCallback	2
C:/Users/watha/OneDrive/WorkingPlaces/WathonE/Projects/Datalogger/Core/Src/main.c:1068:6:Error_Handler	1
