C:/Users/watha/OneDrive/WorkingPlaces/WathonE/Projects/Datalogger/Core/Src/stm32f7xx_hal_msp.c:68:6:HAL_MspInit	8	static
C:/Users/watha/OneDrive/WorkingPlaces/WathonE/Projects/Datalogger/Core/Src/stm32f7xx_hal_msp.c:92:6:HAL_ADC_MspInit	56	static
C:/Users/watha/OneDrive/WorkingPlaces/WathonE/Projects/Datalogger/Core/Src/stm32f7xx_hal_msp.c:190:6:HAL_ADC_MspDeInit	8	static
C:/Users/watha/OneDrive/WorkingPlaces/WathonE/Projects/Datalogger/Core/Src/stm32f7xx_hal_msp.c:259:6:HAL_CRC_MspInit	8	static
C:/Users/watha/OneDrive/WorkingPlaces/WathonE/Projects/Datalogger/Core/Src/stm32f7xx_hal_msp.c:281:6:HAL_CRC_MspDeInit	0	static
C:/Users/watha/OneDrive/WorkingPlaces/WathonE/Projects/Datalogger/Core/Src/stm32f7xx_hal_msp.c:303:6:HAL_DMA2D_MspInit	16	static
C:/Users/watha/OneDrive/WorkingPlaces/WathonE/Projects/Datalogger/Core/Src/stm32f7xx_hal_msp.c:328:6:HAL_DMA2D_MspDeInit	0	static
C:/Users/watha/OneDrive/WorkingPlaces/WathonE/Projects/Datalogger/Core/Src/stm32f7xx_hal_msp.c:353:6:HAL_I2C_MspInit	168	static
C:/Users/watha/OneDrive/WorkingPlaces/WathonE/Projects/Datalogger/Core/Src/stm32f7xx_hal_msp.c:399:6:HAL_I2C_MspDeInit	8	static
C:/Users/watha/OneDrive/WorkingPlaces/WathonE/Projects/Datalogger/Core/Src/stm32f7xx_hal_msp.c:430:6:HAL_LTDC_MspInit	192	static
C:/Users/watha/OneDrive/WorkingPlaces/WathonE/Projects/Datalogger/Core/Src/stm32f7xx_hal_msp.c:547:6:HAL_LTDC_MspDeInit	8	static
C:/Users/watha/OneDrive/WorkingPlaces/WathonE/Projects/Datalogger/Core/Src/stm32f7xx_hal_msp.c:616:6:HAL_QSPI_MspInit	64	static
C:/Users/watha/OneDrive/WorkingPlaces/WathonE/Projects/Datalogger/Core/Src/stm32f7xx_hal_msp.c:679:6:HAL_QSPI_MspDeInit	8	static
C:/Users/watha/OneDrive/WorkingPlaces/WathonE/Projects/Datalogger/Core/Src/stm32f7xx_hal_msp.c:716:6:HAL_TIM_OC_MspInit	8	static
C:/Users/watha/OneDrive/WorkingPlaces/WathonE/Projects/Datalogger/Core/Src/stm32f7xx_hal_msp.c:738:6:HAL_TIM_OC_MspDeInit	0	static
C:/Users/watha/OneDrive/WorkingPlaces/WathonE/Projects/Datalogger/Core/Src/stm32f7xx_hal_msp.c:760:6:HAL_UART_MspInit	192	static
C:/Users/watha/OneDrive/WorkingPlaces/WathonE/Projects/Datalogger/Core/Src/stm32f7xx_hal_msp.c:815:6:HAL_UART_MspDeInit	8	static
C:/Users/watha/OneDrive/WorkingPlaces/WathonE/Projects/Datalogger/Core/Src/stm32f7xx_hal_msp.c:948:6:HAL_SDRAM_MspInit	48	static
C:/Users/watha/OneDrive/WorkingPlaces/WathonE/Projects/Datalogger/Core/Src/stm32f7xx_hal_msp.c:1034:6:HAL_SDRAM_MspDeInit	8	static
