C:/Users/watha/OneDrive/WorkingPlaces/WathonE/Projects/Datalogger/Core/Src/stm32f7xx_it.c:77:6:NMI_Handler	0	static
C:/Users/watha/OneDrive/WorkingPlaces/WathonE/Projects/Datalogger/Core/Src/stm32f7xx_it.c:90:6:HardFault_Handler	0	static
C:/Users/watha/OneDrive/WorkingPlaces/WathonE/Projects/Datalogger/Core/Src/stm32f7xx_it.c:105:6:MemManage_Handler	0	static
C:/Users/watha/OneDrive/WorkingPlaces/WathonE/Projects/Datalogger/Core/Src/stm32f7xx_it.c:120:6:BusFault_Handler	0	static
C:/Users/watha/OneDrive/WorkingPlaces/WathonE/Projects/Datalogger/Core/Src/stm32f7xx_it.c:135:6:UsageFault_Handler	0	static
C:/Users/watha/OneDrive/WorkingPlaces/WathonE/Projects/Datalogger/Core/Src/stm32f7xx_it.c:150:6:DebugMon_Handler	0	static
C:/Users/watha/OneDrive/WorkingPlaces/WathonE/Projects/Datalogger/Core/Src/stm32f7xx_it.c:170:6:ADC_IRQHandler	8	static
C:/Users/watha/OneDrive/WorkingPlaces/WathonE/Projects/Datalogger/Core/Src/stm32f7xx_it.c:185:6:TIM6_DAC_IRQHandler	0	static
C:/Users/watha/OneDrive/WorkingPlaces/WathonE/Projects/Datalogger/Core/Src/stm32f7xx_it.c:199:6:DMA2_Stream0_IRQHandler	0	static
C:/Users/watha/OneDrive/WorkingPlaces/WathonE/Projects/Datalogger/Core/Src/stm32f7xx_it.c:213:6:DMA2_Stream4_IRQHandler	0	static
C:/Users/watha/OneDrive/WorkingPlaces/WathonE/Projects/Datalogger/Core/Src/stm32f7xx_it.c:227:6:LTDC_IRQHandler	0	static
C:/Users/watha/OneDrive/WorkingPlaces/WathonE/Projects/Datalogger/Core/Src/stm32f7xx_it.c:241:6:DMA2D_IRQHandler	0	static
