C:/Users/watha/OneDrive/WorkingPlaces/WathonE/Projects/Datalogger/TouchGFX/gui/src/model/Model.cpp:28:8:double findWorkingLoad(const std::vector<LoadData>&, double)	48	static
C:/Users/watha/OneDrive/WorkingPlaces/WathonE/Projects/Datalogger/TouchGFX/gui/src/model/Model.cpp:54:8:double map(long int, long int, long int, double, double)	40	static
C:/Users/watha/OneDrive/WorkingPlaces/WathonE/Projects/Datalogger/TouchGFX/gui/src/model/Model.cpp:59:1:Model::Model()	12	static
C:/Users/watha/OneDrive/WorkingPlaces/WathonE/Projects/Datalogger/TouchGFX/gui/src/model/Model.cpp:119:6:void Model::newADCValue(int)	0	static
C:/Users/watha/OneDrive/WorkingPlaces/WathonE/Projects/Datalogger/TouchGFX/gui/src/model/Model.cpp:132:6:void Model::newAngleValue(int)	8	static
C:/Users/watha/OneDrive/WorkingPlaces/WathonE/Projects/Datalogger/TouchGFX/gui/src/model/Model.cpp:162:6:void Model::newLoadValue(int)	8	static
C:/Users/watha/OneDrive/WorkingPlaces/WathonE/Projects/Datalogger/TouchGFX/gui/src/model/Model.cpp:180:6:void Model::analogUpdate_ADC1()	8	static
C:/Users/watha/OneDrive/WorkingPlaces/WathonE/Projects/Datalogger/TouchGFX/gui/src/model/Model.cpp:199:6:void Model::analogUpdate_ADC3()	8	static
C:/Users/watha/OneDrive/WorkingPlaces/WathonE/Projects/Datalogger/TouchGFX/gui/src/model/Model.cpp:219:6:void Model::SetOverload(double)	8	static
C:/Users/watha/OneDrive/WorkingPlaces/WathonE/Projects/Datalogger/TouchGFX/gui/src/model/Model.cpp:233:6:void Model::SetAngleLimit()	8	static
C:/Users/watha/OneDrive/WorkingPlaces/WathonE/Projects/Datalogger/TouchGFX/gui/src/model/Model.cpp:247:6:void Model::SetATBLimit(bool)	0	static
C:/Users/watha/OneDrive/WorkingPlaces/WathonE/Projects/Datalogger/TouchGFX/gui/src/model/Model.cpp:253:6:void Model::SetBypass(bool)	0	static
C:/Users/watha/OneDrive/WorkingPlaces/WathonE/Projects/Datalogger/TouchGFX/gui/src/model/Model.cpp:64:6:void Model::tick()	16	static
C:/Users/watha/OneDrive/WorkingPlaces/WathonE/Projects/Datalogger/TouchGFX/gui/src/model/Model.cpp:257:1:cpp)	176	static
C:/Users/watha/OneDrive/WorkingPlaces/WathonE/Projects/Datalogger/TouchGFX/gui/src/model/Model.cpp:257:1:cpp)	8	static
