../../TouchGFX/gui/include/gui/screen1_screen/Screen1Presenter.hpp:28:13:Screen1Presenter::~Screen1Presenter()	0	static
C:/Users/watha/OneDrive/WorkingPlaces/WathonE/Projects/Datalogger/TouchGFX/gui/src/screen1_screen/Screen1Presenter.cpp:11:6:virtual void Screen1Presenter::activate()	0	static
C:/Users/watha/OneDrive/WorkingPlaces/WathonE/Projects/Datalogger/TouchGFX/gui/src/screen1_screen/Screen1Presenter.cpp:21:6:virtual void Screen1Presenter::newADCValue(int)	0	static
../../TouchGFX/gui/include/gui/screen1_screen/Screen1Presenter.hpp:28:13:virtual Screen1Presenter::~Screen1Presenter()	8	static
C:/Users/watha/OneDrive/WorkingPlaces/WathonE/Projects/Datalogger/TouchGFX/gui/src/screen1_screen/Screen1Presenter.cpp:26:6:virtual void Screen1Presenter::analogUpdate_ADC1(uint16_t)	16	static
C:/Users/watha/OneDrive/WorkingPlaces/WathonE/Projects/Datalogger/TouchGFX/gui/src/screen1_screen/Screen1Presenter.cpp:32:6:virtual void Screen1Presenter::analogUpdate_ADC3(uint16_t)	16	static
../../TouchGFX/gui/include/gui/screen1_screen/Screen1Presenter.hpp:28:13:virtual void* Screen1Presenter::_ZThn4_N16Screen1PresenterD1Ev()	0	static
C:/Users/watha/OneDrive/WorkingPlaces/WathonE/Projects/Datalogger/TouchGFX/gui/src/screen1_screen/Screen1Presenter.cpp:5:1:Screen1Presenter::Screen1Presenter(Screen1View&)	8	static
