../../Middlewares/ST/touchgfx/framework/include/touchgfx/Screen.hpp:104:18:virtual void touchgfx::Screen::afterTransition()	0	static
../../Middlewares/ST/touchgfx/framework/include/touchgfx/Screen.hpp:144:18:virtual void touchgfx::Screen::handleTickEvent()	0	static
../../Middlewares/ST/touchgfx/framework/include/touchgfx/Screen.hpp:154:18:virtual void touchgfx::Screen::handleKeyEvent(uint8_t)	0	static
C:/Users/watha/OneDrive/WorkingPlaces/WathonE/Projects/Datalogger/TouchGFX/gui/src/screen1_screen/Screen1View.cpp:25:6:virtual void Screen1View::tearDownScreen()	0	static
C:/Users/watha/OneDrive/WorkingPlaces/WathonE/Projects/Datalogger/TouchGFX/gui/src/screen1_screen/Screen1View.cpp:58:5:virtual int Screen1View::getADCValue()	0	static
../../TouchGFX/gui/include/gui/screen1_screen/Screen1View.hpp:11:13:Screen1View::~Screen1View()	8	static
../../TouchGFX/gui/include/gui/screen1_screen/Screen1View.hpp:11:13:virtual Screen1View::~Screen1View()	8	static
C:/Users/watha/OneDrive/WorkingPlaces/WathonE/Projects/Datalogger/TouchGFX/gui/src/screen1_screen/Screen1View.cpp:7:1:Screen1View::Screen1View()	8	static
C:/Users/watha/OneDrive/WorkingPlaces/WathonE/Projects/Datalogger/TouchGFX/gui/src/screen1_screen/Screen1View.cpp:12:6:virtual void Screen1View::setupScreen()	8	static
C:/Users/watha/OneDrive/WorkingPlaces/WathonE/Projects/Datalogger/TouchGFX/gui/src/screen1_screen/Screen1View.cpp:30:6:virtual void Screen1View::analogUpdate_ADC1(uint16_t)	24	static
C:/Users/watha/OneDrive/WorkingPlaces/WathonE/Projects/Datalogger/TouchGFX/gui/src/screen1_screen/Screen1View.cpp:39:6:virtual void Screen1View::analogUpdate_ADC3(uint16_t)	24	static
C:/Users/watha/OneDrive/WorkingPlaces/WathonE/Projects/Datalogger/TouchGFX/gui/src/screen1_screen/Screen1View.cpp:48:6:virtual void Screen1View::newADCValue(int)	8	static
