../../Middlewares/ST/touchgfx/framework/include/touchgfx/Screen.hpp:104:18:virtual void touchgfx::Screen::afterTransition()	0	static
../../Middlewares/ST/touchgfx/framework/include/touchgfx/Screen.hpp:144:18:virtual void touchgfx::Screen::handleTickEvent()	0	static
../../Middlewares/ST/touchgfx/framework/include/touchgfx/Screen.hpp:154:18:virtual void touchgfx::Screen::handleKeyEvent(uint8_t)	0	static
C:/Users/watha/OneDrive/WorkingPlaces/WathonE/Projects/Datalogger/TouchGFX/gui/src/workingscreen_screen/WorkingScreenView.cpp:14:6:virtual void WorkingScreenView::tearDownScreen()	0	static
../../TouchGFX/gui/include/gui/workingscreen_screen/WorkingScreenView.hpp:11:13:WorkingScreenView::~WorkingScreenView()	8	static
../../TouchGFX/gui/include/gui/workingscreen_screen/WorkingScreenView.hpp:11:13:virtual WorkingScreenView::~WorkingScreenView()	8	static
C:/Users/watha/OneDrive/WorkingPlaces/WathonE/Projects/Datalogger/TouchGFX/gui/src/workingscreen_screen/WorkingScreenView.cpp:4:1:WorkingScreenView::WorkingScreenView()	8	static
C:/Users/watha/OneDrive/WorkingPlaces/WathonE/Projects/Datalogger/TouchGFX/gui/src/workingscreen_screen/WorkingScreenView.cpp:9:6:virtual void WorkingScreenView::setupScreen()	0	static
C:/Users/watha/OneDrive/WorkingPlaces/WathonE/Projects/Datalogger/TouchGFX/gui/src/workingscreen_screen/WorkingScreenView.cpp:19:6:virtual void WorkingScreenView::newAngleValue(double)	16	static
C:/Users/watha/OneDrive/WorkingPlaces/WathonE/Projects/Datalogger/TouchGFX/gui/src/workingscreen_screen/WorkingScreenView.cpp:28:6:virtual void WorkingScreenView::newLoadValue(double)	16	static
C:/Users/watha/OneDrive/WorkingPlaces/WathonE/Projects/Datalogger/TouchGFX/gui/src/workingscreen_screen/WorkingScreenView.cpp:35:6:virtual void WorkingScreenView::newRadiusValue(double)	16	static
C:/Users/watha/OneDrive/WorkingPlaces/WathonE/Projects/Datalogger/TouchGFX/gui/src/workingscreen_screen/WorkingScreenView.cpp:42:6:virtual void WorkingScreenView::newSWLValue(double)	16	static
C:/Users/watha/OneDrive/WorkingPlaces/WathonE/Projects/Datalogger/TouchGFX/gui/src/workingscreen_screen/WorkingScreenView.cpp:49:6:virtual void WorkingScreenView::SetOverload(bool)	0	static
C:/Users/watha/OneDrive/WorkingPlaces/WathonE/Projects/Datalogger/TouchGFX/gui/src/workingscreen_screen/WorkingScreenView.cpp:55:6:virtual void WorkingScreenView::SetAngleLimit(bool)	0	static
C:/Users/watha/OneDrive/WorkingPlaces/WathonE/Projects/Datalogger/TouchGFX/gui/src/workingscreen_screen/WorkingScreenView.cpp:61:6:virtual void WorkingScreenView::SetATBLimit(bool)	0	static
C:/Users/watha/OneDrive/WorkingPlaces/WathonE/Projects/Datalogger/TouchGFX/gui/src/workingscreen_screen/WorkingScreenView.cpp:67:6:virtual void WorkingScreenView::SetBypass(bool)	0	static
